<testsuites><testsuite name="Complex cases - direct usage" time="0" tests="2" errors="0" failures="0" skip="0"><testcase name="complex grid content - set items" time="0.242"/><testcase name="complex grid content - add to the end" time="0.193"/></testsuite><testsuite name="Complex cases - nested" time="0" tests="1" errors="0" failures="0" skip="0"><testcase name="complex grid content - set items" time="0.155"/></testsuite><testsuite name="Complex cases - tied usage" time="0" tests="1" errors="0" failures="0" skip="0"><testcase name="complex grid content - set items" time="0.172"/></testsuite><testsuite name="Complex cases - custom elements nested structure" time="0.054" tests="1" errors="0" failures="0" skip="0"><testcase name="validate list within custom element" time="0.007"/></testsuite><testsuite name="Tying syntaxes" time="0" tests="1" errors="0" failures="0" skip="0"><testcase name="shortest syntax" time="0.121"/></testsuite><testsuite name="Simple cases - select" time="NaN" tests="2" errors="0" failures="0" skip="0"><testcase name="validate simple select options" time="0.235"/><testcase name="validate binding item as a whole" time="0.118"/></testsuite></testsuites>